[2025-08-01 13:01:58,811] INFO: ✅ Subscribed to Redis channel: to-akka-apps-redis-channel
[2025-08-01 13:02:10,565] ERROR: ❌ Error parsing MeetingCreatedEvtMsg
Traceback (most recent call last):
  File "/home/mohammad/ESL_python/create_event_listener.py", line 24, in handle_meeting_created
    voice_conf = payload["body"]["voiceProp"]["voiceConf"]
KeyError: 'voiceProp'
[2025-08-01 13:10:47,674] INFO: ✅ Subscribed to Redis channel: to-akka-apps-redis-channel
[2025-08-01 13:10:59,025] INFO: 🟢 Meeting Created: voiceConf=58431 → meetingId=7159e966f225e2f654f3ff1855ebe596dfefd56e-1754053859019
[2025-08-01 13:31:48,314] INFO: 🟢 Meeting Created: voiceConf=13512 → meetingId=7159e966f225e2f654f3ff1855ebe596dfefd56e-1754055108311
[2025-08-01 13:33:02,159] INFO: ✅ Subscribed to Redis channel: to-akka-apps-redis-channel
[2025-08-01 13:36:59,655] INFO: ✅ Subscribed to Redis channel: to-akka-apps-redis-channel
[2025-08-01 13:37:54,648] INFO: 🟢 Meeting Created: voiceConf=57781 → meetingId=7159e966f225e2f654f3ff1855ebe596dfefd56e-1754055474646
[2025-08-01 13:37:54,649] INFO: 🟢 Meeting Created: voiceConf=57781 → meetingId=7159e966f225e2f654f3ff1855ebe596dfefd56e-1754055474646
[2025-08-01 13:58:57,045] INFO: 🟢 Meeting Created: voiceConf=60956 → meetingId=8f9a5dd0bdae1033a275102c12a7040b22a3ef22-1754056737042
[2025-08-01 13:58:57,045] INFO: 🟢 Meeting Created: voiceConf=60956 → meetingId=8f9a5dd0bdae1033a275102c12a7040b22a3ef22-1754056737042
[2025-08-01 14:02:39,912] INFO: ✅ Subscribed to Redis channel: to-akka-apps-redis-channel
[2025-08-01 14:02:59,776] INFO: 🟢 Meeting Created: voiceConf=14679 → meetingId=8f9a5dd0bdae1033a275102c12a7040b22a3ef22-1754056979773
[2025-08-01 14:02:59,777] INFO: 🟢 Meeting Created: voiceConf=14679 → meetingId=8f9a5dd0bdae1033a275102c12a7040b22a3ef22-1754056979773
[2025-08-01 14:02:59,777] INFO: 🟢 Meeting Created: voiceConf=14679 → meetingId=8f9a5dd0bdae1033a275102c12a7040b22a3ef22-1754056979773
[2025-08-01 14:10:33,120] INFO: ✅ Subscribed to Redis channel: to-akka-apps-redis-channel
[2025-08-01 14:10:48,245] INFO: 🟢 Meeting Created: voiceConf=82376 → meetingId=8f9a5dd0bdae1033a275102c12a7040b22a3ef22-1754057448116
[2025-08-01 18:16:11,606] INFO: ✅ Subscribed to Redis channel: to-akka-apps-redis-channel
[2025-08-01 18:16:58,935] INFO: 🟢 Meeting Created: voiceConf=24278 → meetingId=8f9a5dd0bdae1033a275102c12a7040b22a3ef22-1754072218931
[2025-08-01 18:25:30,416] INFO: 🟢 Meeting Created: voiceConf=39606 → meetingId=8f9a5dd0bdae1033a275102c12a7040b22a3ef22-1754072730412
[2025-08-01 18:27:33,973] INFO: ✅ Subscribed to Redis channel: to-akka-apps-redis-channel
[2025-08-01 18:27:45,549] INFO: 🟢 Meeting Created: voiceConf=29023 → meetingId=8f9a5dd0bdae1033a275102c12a7040b22a3ef22-1754072865544
[2025-08-01 18:27:45,550] INFO: 🟢 Meeting Created: voiceConf=29023 → meetingId=8f9a5dd0bdae1033a275102c12a7040b22a3ef22-1754072865544
[2025-08-01 21:57:22,087] INFO: 🟢 Meeting Created: voiceConf=98063 → meetingId=8f9a5dd0bdae1033a275102c12a7040b22a3ef22-1754085442082
[2025-08-01 22:11:11,022] INFO: ✅ Subscribed to Redis channel: to-akka-apps-redis-channel
[2025-08-01 22:11:20,273] INFO: 🟢 Meeting Created: voiceConf=62186 → meetingId=8f9a5dd0bdae1033a275102c12a7040b22a3ef22-1754086280266
[2025-08-02 07:48:39,635] INFO: 🟢 Meeting Created: voiceConf=89461 → meetingId=8f9a5dd0bdae1033a275102c12a7040b22a3ef22-1754120919631
[2025-08-02 08:15:05,074] INFO: 🟢 Meeting Created: voiceConf=34026 → meetingId=89e495e7941cf9e40e6980d14a16bf023ccd4c91-1754122505071
[2025-08-02 11:38:04,967] INFO: 🟢 Meeting Created: voiceConf=33383 → meetingId=a364482f3268ea007ac7f7e8dbf496468901ca1b-1754134684963
[2025-08-02 12:01:04,677] INFO: 🟢 Meeting Created: voiceConf=53135 → meetingId=8f9a5dd0bdae1033a275102c12a7040b22a3ef22-1754136064672
[2025-08-02 12:01:13,805] INFO: 🟢 Meeting Created: voiceConf=55272 → meetingId=a364482f3268ea007ac7f7e8dbf496468901ca1b-1754136073802
[2025-08-02 13:05:44,037] INFO: 🟢 Meeting Created: voiceConf=12345 → meetingId=9d7439306a1066cfd7c83606874e92623a829023-1754139944034
[2025-08-02 13:09:03,984] INFO: 🟢 Meeting Created: voiceConf=57873 → meetingId=8f9a5dd0bdae1033a275102c12a7040b22a3ef22-1754140143981
[2025-08-02 13:12:31,897] INFO: 🟢 Meeting Created: voiceConf=12345 → meetingId=9d7439306a1066cfd7c83606874e92623a829023-1754140351895
[2025-08-02 13:19:45,424] INFO: 🟢 Meeting Created: voiceConf=14420 → meetingId=8f9a5dd0bdae1033a275102c12a7040b22a3ef22-1754140785420
[2025-08-02 13:24:00,340] INFO: 🟢 Meeting Created: voiceConf=12345 → meetingId=9d7439306a1066cfd7c83606874e92623a829023-1754141040338
[2025-08-02 13:25:36,104] INFO: 🟢 Meeting Created: voiceConf=84817 → meetingId=8f9a5dd0bdae1033a275102c12a7040b22a3ef22-1754141136100
[2025-08-02 13:34:17,593] INFO: ✅ Subscribed to Redis channel: to-akka-apps-redis-channel
[2025-08-02 13:44:15,876] INFO: ✅ Subscribed to Redis channel: to-akka-apps-redis-channel
[2025-08-02 13:45:18,046] INFO: 🟢 Meeting Created: voiceConf=88484 → meetingId=8f9a5dd0bdae1033a275102c12a7040b22a3ef22-1754142318043
[2025-08-02 13:45:18,047] INFO: 🟢 Meeting Created: voiceConf=88484 → meetingId=8f9a5dd0bdae1033a275102c12a7040b22a3ef22-1754142318043
[2025-08-02 13:45:18,047] INFO: 🟢 Meeting Created: voiceConf=88484 → meetingId=8f9a5dd0bdae1033a275102c12a7040b22a3ef22-1754142318043
[2025-08-03 07:59:39,563] INFO: 🟢 Meeting Created: voiceConf=58288 → meetingId=8f9a5dd0bdae1033a275102c12a7040b22a3ef22-1754207979559
[2025-08-03 07:59:39,563] INFO: 🟢 Meeting Created: voiceConf=58288 → meetingId=8f9a5dd0bdae1033a275102c12a7040b22a3ef22-1754207979559
[2025-08-03 07:59:39,564] INFO: 🟢 Meeting Created: voiceConf=58288 → meetingId=8f9a5dd0bdae1033a275102c12a7040b22a3ef22-1754207979559
[2025-08-03 12:47:55,245] INFO: 🟢 Meeting Created: voiceConf=42206 → meetingId=8f9a5dd0bdae1033a275102c12a7040b22a3ef22-1754225275229
[2025-08-03 12:47:55,246] INFO: 🟢 Meeting Created: voiceConf=42206 → meetingId=8f9a5dd0bdae1033a275102c12a7040b22a3ef22-1754225275229
[2025-08-03 12:47:55,246] INFO: 🟢 Meeting Created: voiceConf=42206 → meetingId=8f9a5dd0bdae1033a275102c12a7040b22a3ef22-1754225275229
[2025-08-04 06:07:43,930] INFO: 🟢 Meeting Created: voiceConf=18035 → meetingId=8f9a5dd0bdae1033a275102c12a7040b22a3ef22-1754287663926
[2025-08-04 06:07:43,930] INFO: 🟢 Meeting Created: voiceConf=18035 → meetingId=8f9a5dd0bdae1033a275102c12a7040b22a3ef22-1754287663926
[2025-08-04 06:07:43,931] INFO: 🟢 Meeting Created: voiceConf=18035 → meetingId=8f9a5dd0bdae1033a275102c12a7040b22a3ef22-1754287663926
[2025-08-04 11:35:31,581] INFO: 🟢 Meeting Created: voiceConf=50010 → meetingId=8f9a5dd0bdae1033a275102c12a7040b22a3ef22-1754307331578
[2025-08-04 11:35:31,581] INFO: 🟢 Meeting Created: voiceConf=50010 → meetingId=8f9a5dd0bdae1033a275102c12a7040b22a3ef22-1754307331578
[2025-08-04 11:35:31,581] INFO: 🟢 Meeting Created: voiceConf=50010 → meetingId=8f9a5dd0bdae1033a275102c12a7040b22a3ef22-1754307331578
[2025-08-06 08:52:51,637] INFO: 🟢 Meeting Created: voiceConf=51633 → meetingId=8f9a5dd0bdae1033a275102c12a7040b22a3ef22-1754470371633
[2025-08-06 08:52:51,637] INFO: 🟢 Meeting Created: voiceConf=51633 → meetingId=8f9a5dd0bdae1033a275102c12a7040b22a3ef22-1754470371633
[2025-08-06 08:52:51,637] INFO: 🟢 Meeting Created: voiceConf=51633 → meetingId=8f9a5dd0bdae1033a275102c12a7040b22a3ef22-1754470371633
[2025-08-06 11:34:47,039] INFO: 🟢 Meeting Created: voiceConf=76820 → meetingId=8f9a5dd0bdae1033a275102c12a7040b22a3ef22-1754480087036
[2025-08-06 11:34:47,040] INFO: 🟢 Meeting Created: voiceConf=76820 → meetingId=8f9a5dd0bdae1033a275102c12a7040b22a3ef22-1754480087036
[2025-08-06 11:34:47,040] INFO: 🟢 Meeting Created: voiceConf=76820 → meetingId=8f9a5dd0bdae1033a275102c12a7040b22a3ef22-1754480087036
[2025-08-06 12:41:44,975] INFO: 🟢 Meeting Created: voiceConf=15412 → meetingId=8f9a5dd0bdae1033a275102c12a7040b22a3ef22-1754484104971
[2025-08-06 12:41:44,975] INFO: 🟢 Meeting Created: voiceConf=15412 → meetingId=8f9a5dd0bdae1033a275102c12a7040b22a3ef22-1754484104971
[2025-08-06 12:41:44,976] INFO: 🟢 Meeting Created: voiceConf=15412 → meetingId=8f9a5dd0bdae1033a275102c12a7040b22a3ef22-1754484104971
[2025-08-06 13:37:12,202] INFO: 🟢 Meeting Created: voiceConf=70655 → meetingId=8f9a5dd0bdae1033a275102c12a7040b22a3ef22-1754487432199
[2025-08-06 13:37:12,202] INFO: 🟢 Meeting Created: voiceConf=70655 → meetingId=8f9a5dd0bdae1033a275102c12a7040b22a3ef22-1754487432199
[2025-08-06 13:37:12,202] INFO: 🟢 Meeting Created: voiceConf=70655 → meetingId=8f9a5dd0bdae1033a275102c12a7040b22a3ef22-1754487432199
[2025-08-10 08:10:47,182] INFO: 🟢 Meeting Created: voiceConf=05795 → meetingId=8f9a5dd0bdae1033a275102c12a7040b22a3ef22-1754813447179
[2025-08-10 08:10:47,182] INFO: 🟢 Meeting Created: voiceConf=05795 → meetingId=8f9a5dd0bdae1033a275102c12a7040b22a3ef22-1754813447179
[2025-08-10 08:10:47,183] INFO: 🟢 Meeting Created: voiceConf=05795 → meetingId=8f9a5dd0bdae1033a275102c12a7040b22a3ef22-1754813447179
[2025-12-21 15:00:39,452] INFO: ✅ Subscribed to Redis channel: to-akka-apps-redis-channel
[2025-12-21 15:08:03,580] INFO: ✅ Subscribed to Redis channel: to-akka-apps-redis-channel
[2025-12-21 15:08:16,661] INFO: 🟢 Meeting Created: voiceConf=16263 → meetingId=35db971b7e2957ebd5ed7a8b2dcb20e0a6ce8b14-1766329696656
[2025-12-21 15:10:17,077] INFO: 🟢 Meeting Created: voiceConf=72485 → meetingId=42676c17f7c107e9f7a830d24439dd97d9b05656-1766329817074
[2025-12-21 15:23:12,510] INFO: 🟢 Meeting Created: voiceConf=41973 → meetingId=42676c17f7c107e9f7a830d24439dd97d9b05656-1766330592507
[2025-12-22 06:10:32,334] INFO: ✅ Subscribed to Redis channel: to-akka-apps-redis-channel
[2025-12-22 06:21:14,737] INFO: 🟢 Meeting Created: voiceConf=95917 → meetingId=0836f9fd51929a5bc6e5dd4462b3b3375809f64d-1766384474733
[2025-12-22 06:26:20,673] INFO: ✅ Subscribed to Redis channel: to-akka-apps-redis-channel
[2025-12-22 06:26:38,709] INFO: 🟢 Meeting Created: voiceConf=21194 → meetingId=42676c17f7c107e9f7a830d24439dd97d9b05656-1766384798706
[2025-12-22 06:26:38,709] INFO: 🟢 Meeting Created: voiceConf=21194 → meetingId=42676c17f7c107e9f7a830d24439dd97d9b05656-1766384798706
[2025-12-22 06:57:37,900] INFO: ✅ Subscribed to Redis channel: to-akka-apps-redis-channel
[2025-12-22 06:58:26,519] INFO: 🟢 Meeting Created: voiceConf=03555 → meetingId=42676c17f7c107e9f7a830d24439dd97d9b05656-1766386706513
[2025-12-22 07:05:34,111] INFO: ✅ Subscribed to Redis channel: to-akka-apps-redis-channel
[2025-12-22 07:09:51,398] INFO: 🟢 Meeting Created: voiceConf=60132 → meetingId=42676c17f7c107e9f7a830d24439dd97d9b05656-1766387391393
[2025-12-22 07:09:51,399] INFO: 🟢 Meeting Created: voiceConf=60132 → meetingId=42676c17f7c107e9f7a830d24439dd97d9b05656-1766387391393
[2025-12-23 05:40:30,614] INFO: 🟢 Meeting Created: voiceConf=52480 → meetingId=42676c17f7c107e9f7a830d24439dd97d9b05656-1766468430605
[2025-12-23 05:40:30,614] INFO: 🟢 Meeting Created: voiceConf=52480 → meetingId=42676c17f7c107e9f7a830d24439dd97d9b05656-1766468430605
[2025-12-24 05:07:02,339] INFO: 🟢 Meeting Created: voiceConf=74531 → meetingId=2ef255b224d8c16a3d73adcc71de1eaaaec5608d-1766552822335
[2025-12-24 05:07:02,339] INFO: 🟢 Meeting Created: voiceConf=74531 → meetingId=2ef255b224d8c16a3d73adcc71de1eaaaec5608d-1766552822335
[2025-12-24 05:25:47,059] INFO: 🟢 Meeting Created: voiceConf=82434 → meetingId=2ef255b224d8c16a3d73adcc71de1eaaaec5608d-1766553947055
[2025-12-24 05:25:47,059] INFO: 🟢 Meeting Created: voiceConf=82434 → meetingId=2ef255b224d8c16a3d73adcc71de1eaaaec5608d-1766553947055
[2025-12-24 05:59:22,627] INFO: 🟢 Meeting Created: voiceConf=39372 → meetingId=5206c5c7dcd6234db41f229a9c304dcb80e38c5a-1766555962624
[2025-12-24 05:59:22,627] INFO: 🟢 Meeting Created: voiceConf=39372 → meetingId=5206c5c7dcd6234db41f229a9c304dcb80e38c5a-1766555962624
[2025-12-24 08:37:25,939] INFO: 🟢 Meeting Created: voiceConf=36169 → meetingId=5206c5c7dcd6234db41f229a9c304dcb80e38c5a-1766565445935
[2025-12-24 08:37:25,939] INFO: 🟢 Meeting Created: voiceConf=36169 → meetingId=5206c5c7dcd6234db41f229a9c304dcb80e38c5a-1766565445935
[2025-12-24 10:23:38,229] INFO: 🟢 Meeting Created: voiceConf=51947 → meetingId=5206c5c7dcd6234db41f229a9c304dcb80e38c5a-1766571818226
[2025-12-24 10:23:38,230] INFO: 🟢 Meeting Created: voiceConf=51947 → meetingId=5206c5c7dcd6234db41f229a9c304dcb80e38c5a-1766571818226
[2025-12-27 04:54:47,879] INFO: 🟢 Meeting Created: voiceConf=34339 → meetingId=7709c6936139e30478726e1e9bf38589ccec554a-1766811287874
[2025-12-27 04:54:47,880] INFO: 🟢 Meeting Created: voiceConf=34339 → meetingId=7709c6936139e30478726e1e9bf38589ccec554a-1766811287874
[2025-12-27 10:40:29,585] INFO: 🟢 Meeting Created: voiceConf=85871 → meetingId=7709c6936139e30478726e1e9bf38589ccec554a-1766832029581
[2025-12-27 10:40:29,585] INFO: 🟢 Meeting Created: voiceConf=85871 → meetingId=7709c6936139e30478726e1e9bf38589ccec554a-1766832029581
[2025-12-27 13:24:28,968] INFO: 🟢 Meeting Created: voiceConf=82477 → meetingId=f8a158fd51b52f4e84b19b7966fc5eddde089e1d-1766841868964
[2025-12-27 13:24:28,969] INFO: 🟢 Meeting Created: voiceConf=82477 → meetingId=f8a158fd51b52f4e84b19b7966fc5eddde089e1d-1766841868964
[2025-12-29 13:04:10,483] INFO: 🟢 Meeting Created: voiceConf=95622 → meetingId=ba3e4d3e097e39d06281dfbe02e877fd6f76c7e1-1767013450477
[2025-12-29 13:04:10,483] INFO: 🟢 Meeting Created: voiceConf=95622 → meetingId=ba3e4d3e097e39d06281dfbe02e877fd6f76c7e1-1767013450477
[2025-12-29 13:12:39,117] INFO: 🟢 Meeting Created: voiceConf=33620 → meetingId=ba3e4d3e097e39d06281dfbe02e877fd6f76c7e1-1767013959114
[2025-12-29 13:12:39,117] INFO: 🟢 Meeting Created: voiceConf=33620 → meetingId=ba3e4d3e097e39d06281dfbe02e877fd6f76c7e1-1767013959114
[2025-12-29 13:17:26,087] INFO: 🟢 Meeting Created: voiceConf=15835 → meetingId=ba3e4d3e097e39d06281dfbe02e877fd6f76c7e1-1767014246084
[2025-12-29 13:17:26,087] INFO: 🟢 Meeting Created: voiceConf=15835 → meetingId=ba3e4d3e097e39d06281dfbe02e877fd6f76c7e1-1767014246084
[2025-12-30 06:41:14,350] INFO: 🟢 Meeting Created: voiceConf=60063 → meetingId=524ff86a545f4a17e2014589b21428b42dce942e-1767076874331
[2025-12-30 06:41:14,351] INFO: 🟢 Meeting Created: voiceConf=60063 → meetingId=524ff86a545f4a17e2014589b21428b42dce942e-1767076874331
[2026-01-05 06:09:22,974] INFO: 🟢 Meeting Created: voiceConf=46805 → meetingId=d55c381064908722268d74a2d89ce73fa820fceb-1767593362968
[2026-01-05 06:09:22,974] INFO: 🟢 Meeting Created: voiceConf=46805 → meetingId=d55c381064908722268d74a2d89ce73fa820fceb-1767593362968
[2026-01-05 11:00:10,161] INFO: 🟢 Meeting Created: voiceConf=10716 → meetingId=d55c381064908722268d74a2d89ce73fa820fceb-1767610810158
[2026-01-05 11:00:10,161] INFO: 🟢 Meeting Created: voiceConf=10716 → meetingId=d55c381064908722268d74a2d89ce73fa820fceb-1767610810158
[2026-01-06 06:50:19,790] INFO: 🟢 Meeting Created: voiceConf=00395 → meetingId=21fc18661c3ea81a1f11793a594785d85d87dedf-1767682219787
[2026-01-06 06:50:19,790] INFO: 🟢 Meeting Created: voiceConf=00395 → meetingId=21fc18661c3ea81a1f11793a594785d85d87dedf-1767682219787
[2026-01-07 05:48:04,547] INFO: 🟢 Meeting Created: voiceConf=06853 → meetingId=dd0128444b36892a4ca4254245dd2833bdbd0292-1767764884543
[2026-01-07 05:48:04,547] INFO: 🟢 Meeting Created: voiceConf=06853 → meetingId=dd0128444b36892a4ca4254245dd2833bdbd0292-1767764884543
[2026-01-07 07:07:16,524] INFO: 🟢 Meeting Created: voiceConf=23377 → meetingId=dd0128444b36892a4ca4254245dd2833bdbd0292-1767769636520
[2026-01-07 07:07:16,524] INFO: 🟢 Meeting Created: voiceConf=23377 → meetingId=dd0128444b36892a4ca4254245dd2833bdbd0292-1767769636520
[2026-01-07 08:05:26,202] INFO: 🟢 Meeting Created: voiceConf=26355 → meetingId=a509a79c8506185271b85cea4c7fcb133ec276d9-1767773126199
[2026-01-07 08:05:26,203] INFO: 🟢 Meeting Created: voiceConf=26355 → meetingId=a509a79c8506185271b85cea4c7fcb133ec276d9-1767773126199
[2026-01-07 12:35:00,382] INFO: 🟢 Meeting Created: voiceConf=53740 → meetingId=1f7011def9a6647f4884566c31495b470b3ac436-1767789300379
[2026-01-07 12:35:00,382] INFO: 🟢 Meeting Created: voiceConf=53740 → meetingId=1f7011def9a6647f4884566c31495b470b3ac436-1767789300379
[2026-01-18 08:10:22,299] INFO: 🟢 Meeting Created: voiceConf=25734 → meetingId=8f9a5dd0bdae1033a275102c12a7040b22a3ef22-1768723822292
[2026-01-18 08:10:22,299] INFO: 🟢 Meeting Created: voiceConf=25734 → meetingId=8f9a5dd0bdae1033a275102c12a7040b22a3ef22-1768723822292
[2026-01-18 08:10:57,749] INFO: 🟢 Meeting Created: voiceConf=00984 → meetingId=dd0128444b36892a4ca4254245dd2833bdbd0292-1768723857746
[2026-01-18 08:10:57,749] INFO: 🟢 Meeting Created: voiceConf=00984 → meetingId=dd0128444b36892a4ca4254245dd2833bdbd0292-1768723857746
[2026-01-18 10:52:45,896] INFO: 🟢 Meeting Created: voiceConf=89858 → meetingId=934a0a3a38dec12d59f457b863a1f88ffa1aa1ee-1768733565893
[2026-01-18 10:52:45,897] INFO: 🟢 Meeting Created: voiceConf=89858 → meetingId=934a0a3a38dec12d59f457b863a1f88ffa1aa1ee-1768733565893
[2026-01-18 11:44:40,166] INFO: 🟢 Meeting Created: voiceConf=50672 → meetingId=0ffa33392cc0209885b631657896459d669df5c3-1768736680162
[2026-01-18 11:44:40,166] INFO: 🟢 Meeting Created: voiceConf=50672 → meetingId=0ffa33392cc0209885b631657896459d669df5c3-1768736680162
[2026-01-19 06:56:32,319] INFO: 🟢 Meeting Created: voiceConf=73305 → meetingId=934a0a3a38dec12d59f457b863a1f88ffa1aa1ee-1768805792314
[2026-01-19 06:56:32,319] INFO: 🟢 Meeting Created: voiceConf=73305 → meetingId=934a0a3a38dec12d59f457b863a1f88ffa1aa1ee-1768805792314
[2026-01-21 07:48:35,585] INFO: 🟢 Meeting Created: voiceConf=87760 → meetingId=934a0a3a38dec12d59f457b863a1f88ffa1aa1ee-1768981715580
[2026-01-21 07:48:35,586] INFO: 🟢 Meeting Created: voiceConf=87760 → meetingId=934a0a3a38dec12d59f457b863a1f88ffa1aa1ee-1768981715580
[2026-01-24 05:38:33,545] INFO: 🟢 Meeting Created: voiceConf=58968 → meetingId=934a0a3a38dec12d59f457b863a1f88ffa1aa1ee-1769233113541
[2026-01-24 05:38:33,545] INFO: 🟢 Meeting Created: voiceConf=58968 → meetingId=934a0a3a38dec12d59f457b863a1f88ffa1aa1ee-1769233113541
[2026-01-24 06:29:53,929] INFO: 🟢 Meeting Created: voiceConf=76557 → meetingId=934a0a3a38dec12d59f457b863a1f88ffa1aa1ee-1769236193924
[2026-01-24 06:29:53,929] INFO: 🟢 Meeting Created: voiceConf=76557 → meetingId=934a0a3a38dec12d59f457b863a1f88ffa1aa1ee-1769236193924
[2026-01-24 07:18:59,874] INFO: 🟢 Meeting Created: voiceConf=72540 → meetingId=934a0a3a38dec12d59f457b863a1f88ffa1aa1ee-1769239139870
[2026-01-24 07:18:59,874] INFO: 🟢 Meeting Created: voiceConf=72540 → meetingId=934a0a3a38dec12d59f457b863a1f88ffa1aa1ee-1769239139870
[2026-01-24 12:00:29,121] INFO: 🟢 Meeting Created: voiceConf=01144 → meetingId=934a0a3a38dec12d59f457b863a1f88ffa1aa1ee-1769256029115
[2026-01-24 12:00:29,121] INFO: 🟢 Meeting Created: voiceConf=01144 → meetingId=934a0a3a38dec12d59f457b863a1f88ffa1aa1ee-1769256029115
[2026-01-25 07:24:48,520] INFO: 🟢 Meeting Created: voiceConf=27760 → meetingId=8f9a5dd0bdae1033a275102c12a7040b22a3ef22-1769325888516
[2026-01-25 07:24:48,520] INFO: 🟢 Meeting Created: voiceConf=27760 → meetingId=8f9a5dd0bdae1033a275102c12a7040b22a3ef22-1769325888516
[2026-01-27 11:18:33,396] INFO: 🟢 Meeting Created: voiceConf=96371 → meetingId=934a0a3a38dec12d59f457b863a1f88ffa1aa1ee-1769512713391
[2026-01-27 11:18:33,396] INFO: 🟢 Meeting Created: voiceConf=96371 → meetingId=934a0a3a38dec12d59f457b863a1f88ffa1aa1ee-1769512713391
[2026-01-27 11:29:44,163] INFO: 🟢 Meeting Created: voiceConf=57532 → meetingId=4d576c427e8f07a20fe97213b1cdc7017b8d8a02-1769513384160
[2026-01-27 11:29:44,163] INFO: 🟢 Meeting Created: voiceConf=57532 → meetingId=4d576c427e8f07a20fe97213b1cdc7017b8d8a02-1769513384160
[2026-01-28 08:16:52,273] INFO: 🟢 Meeting Created: voiceConf=36142 → meetingId=934a0a3a38dec12d59f457b863a1f88ffa1aa1ee-1769588212269
[2026-01-28 08:16:52,273] INFO: 🟢 Meeting Created: voiceConf=36142 → meetingId=934a0a3a38dec12d59f457b863a1f88ffa1aa1ee-1769588212269
[2026-01-28 10:37:16,795] INFO: 🟢 Meeting Created: voiceConf=71664 → meetingId=934a0a3a38dec12d59f457b863a1f88ffa1aa1ee-1769596636791
[2026-01-28 10:37:16,795] INFO: 🟢 Meeting Created: voiceConf=71664 → meetingId=934a0a3a38dec12d59f457b863a1f88ffa1aa1ee-1769596636791
[2026-01-29 08:12:29,719] INFO: 🟢 Meeting Created: voiceConf=12239 → meetingId=479f40db215a5d8aea4c7705d2b235bf23b2b0a7-1769674349714
[2026-01-29 08:12:29,719] INFO: 🟢 Meeting Created: voiceConf=12239 → meetingId=479f40db215a5d8aea4c7705d2b235bf23b2b0a7-1769674349714
[2026-02-02 06:01:22,727] INFO: 🟢 Meeting Created: voiceConf=52689 → meetingId=934a0a3a38dec12d59f457b863a1f88ffa1aa1ee-1770012082723
[2026-02-02 06:01:22,728] INFO: 🟢 Meeting Created: voiceConf=52689 → meetingId=934a0a3a38dec12d59f457b863a1f88ffa1aa1ee-1770012082723
[2026-02-02 11:33:40,192] INFO: 🟢 Meeting Created: voiceConf=99592 → meetingId=934a0a3a38dec12d59f457b863a1f88ffa1aa1ee-1770032020189
[2026-02-02 11:33:40,192] INFO: 🟢 Meeting Created: voiceConf=99592 → meetingId=934a0a3a38dec12d59f457b863a1f88ffa1aa1ee-1770032020189
[2026-02-03 07:14:02,133] INFO: 🟢 Meeting Created: voiceConf=67852 → meetingId=934a0a3a38dec12d59f457b863a1f88ffa1aa1ee-1770102842129
[2026-02-03 07:14:02,133] INFO: 🟢 Meeting Created: voiceConf=67852 → meetingId=934a0a3a38dec12d59f457b863a1f88ffa1aa1ee-1770102842129
[2026-02-03 07:17:08,053] INFO: 🟢 Meeting Created: voiceConf=40466 → meetingId=934a0a3a38dec12d59f457b863a1f88ffa1aa1ee-1770103028050
[2026-02-03 07:17:08,053] INFO: 🟢 Meeting Created: voiceConf=40466 → meetingId=934a0a3a38dec12d59f457b863a1f88ffa1aa1ee-1770103028050
[2026-02-03 11:06:19,511] INFO: 🟢 Meeting Created: voiceConf=99178 → meetingId=934a0a3a38dec12d59f457b863a1f88ffa1aa1ee-1770116779507
[2026-02-03 11:06:19,511] INFO: 🟢 Meeting Created: voiceConf=99178 → meetingId=934a0a3a38dec12d59f457b863a1f88ffa1aa1ee-1770116779507
